979899123125
989711710943
11610111511643495051
57

