Original array: 1 2 3 4 5 6 7 8 9 10 
Copied array: 2 3 5 7 
Rearranged array: 2 3 5 7 1 4 6 8 9 10 
