sqrt(0) = 0
sqrt(1) = 1
sqrt(2000) = 44
sqrt(2147483647) = 46340
sqrt(-2147483648) = 0
