./test_executable
HelloWorld
BaumHaus
1234567
9
123
./test_executable
HelloWorld
./test_executable
